[2026-08-12T17:06:40.925Z] [error] Failed to load resource: the server responded with a status of 404 ()
[2026-08-12T17:06:41.183Z] [error] Failed to load resource: the server responded with a status of 404 ()
[2026-08-12T17:12:57.038Z] [log] Main.tsx: DOM ready, running init directly
[2026-08-12T17:12:57.038Z] [log] Main.tsx: init() called
[2026-08-12T17:12:57.038Z] [log] Main.tsx: Creating root and rendering...
[2026-08-12T17:12:57.038Z] [log] Main.tsx: Render call finished.
[2026-08-12T17:12:57.064Z] [log] App.tsx: Rendering App component
[2026-08-12T17:12:57.492Z] [error] Access to fetch at 'https://api.slush.app/api/wallet/metadata' from origin 'https://www.harmonyhub.love' has been blocked by CORS policy: No 'Access-Control-Allow-Origin' header is present on the requested resource.
[2026-08-12T17:12:57.492Z] [error] Failed to load resource: net::ERR_FAILED
[2026-08-12T17:12:57.492Z] [error] Error fetching metadata TypeError: Failed to fetch
    at mX (https://www.harmonyhub.love/assets/index-DwnJVQV4.js:93:65838)
    at gX (https://www.harmonyhub.love/assets/index-DwnJVQV4.js:93:66164)
    at https://www.harmonyhub.love/assets/index-DwnJVQV4.js:115:44548
    at d_ (https://www.harmonyhub.love/assets/index-DwnJVQV4.js:41:24270)
    at h3 (https://www.harmonyhub.love/assets/index-DwnJVQV4.js:41:31610)
    at $L (https://www.harmonyhub.love/assets/index-DwnJVQV4.js:41:31466)
    at K9 (https://www.harmonyhub.love/assets/index-DwnJVQV4.js:41:31016)
    at Q9 (https://www.harmonyhub.love/assets/index-DwnJVQV4.js:41:40907)
    at du (https://www.harmonyhub.love/assets/index-DwnJVQV4.js:41:40265)
    at HL (https://www.harmonyhub.love/assets/index-DwnJVQV4.js:41:35401)
[2026-08-12T17:12:57.528Z] [warning] Radio play when ready failed: NotAllowedError: play() failed because the user didn't interact with the document first. https://goo.gl/xX8pDD
[2026-08-12T17:13:39.702Z] [error] Failed to load resource: the server responded with a status of 404 ()
[2026-08-12T17:13:40.499Z] [debug] Error
[2026-08-12T17:13:40.500Z] [warning] No available adapters.
[2026-08-12T17:13:40.568Z] [debug] Error
[2026-08-12T17:13:41.183Z] [error] Provider's accounts list is empty.
[2026-08-12T17:13:41.953Z] [error] [GSI_LOGGER]: FedCM get() rejects with NetworkError: Error retrieving a token.
[2026-08-12T17:13:43.557Z] [error] Failed to load resource: the server responded with a status of 404 ()
[2026-08-12T17:13:43.559Z] [error] Failed to load resource: the server responded with a status of 404 ()
[2026-08-12T17:13:53.385Z] [error] Failed to load resource: the server responded with a status of 404 ()
